#-----------------------------------------------------------
# Vivado v2022.1 (64-bit)
# SW Build 3526262 on Mon Apr 18 15:48:16 MDT 2022
# IP Build 3524634 on Mon Apr 18 20:55:01 MDT 2022
# Start of session at: Thu Jul  2 10:08:36 2026
# Process ID: 17888
# Current directory: D:/AGH_Studia/magisterka/sem_1/SDUP/ANS_prj/ANS_mtm_impl
# Command line: vivado.exe -gui_launcher_event rodinguilauncherevent18944 D:\AGH_Studia\magisterka\sem_1\SDUP\ANS_prj\ANS_mtm_impl\ANS_mtm_impl.xpr
# Log file: D:/AGH_Studia/magisterka/sem_1/SDUP/ANS_prj/ANS_mtm_impl/vivado.log
# Journal file: D:/AGH_Studia/magisterka/sem_1/SDUP/ANS_prj/ANS_mtm_impl\vivado.jou
# Running On: DESKTOP-H35415B, OS: Windows, CPU Frequency: 3294 MHz, CPU Physical cores: 12, Host memory: 14877 MB
#-----------------------------------------------------------
start_gui
open_project D:/AGH_Studia/magisterka/sem_1/SDUP/ANS_prj/ANS_mtm_impl/ANS_mtm_impl.xpr
open_bd_design {D:/AGH_Studia/magisterka/sem_1/SDUP/ANS_prj/ANS_mtm_impl/ANS_mtm_impl.srcs/sources_1/bd/design_tans/design_tans.bd}
# Disabling source management mode.  This is to allow the top design properties to be set without GUI intervention.
set_property source_mgmt_mode None [current_project]
set_property top tb_tANS_system [get_filesets sim_1]
set_property top_lib xil_defaultlib [get_filesets sim_1]
# Re-enabling previously disabled source management mode.
set_property source_mgmt_mode DisplayOnly [current_project]
launch_simulation
source tb_tANS_system.tcl
run 10 us
run 10 us
close_sim
